{
  "aliases": [],
  "availability": {
    "contents": {
      "contents": {
        "major": 1,
        "minor": 0
      },
      "tag": "AvailVersion"
    },
    "tag": "AtomF"
  },
  "comment": null,
  "deprecation": null,
  "name": "VK_WHOLE_SIZE",
  "origins": [
    {
      "blockComment": "API constants",
      "blockIndex": 3,
      "condition": null,
      "pos": "19661:9",
      "profile": null,
      "source": {
        "feature": "VK_VERSION_1_0",
        "tag": "FromFeature",
        "version": {
          "major": 1,
          "minor": 0
        }
      },
      "tier": "VK_BASE_VERSION_1_0"
    }
  ],
  "pos": "12135:9",
  "value": {
    "contents": 1.8446744073709551615e19,
    "tag": "ConstU64"
  }
}
