{
  "dispatchLevels": [
    [
      "global",
      4
    ],
    [
      "instance",
      58
    ],
    [
      "device",
      322
    ]
  ],
  "enumFlows": [
    [
      "in",
      109
    ],
    [
      "out",
      25
    ],
    [
      "both",
      41
    ],
    [
      "unreferenced",
      3
    ]
  ],
  "headerVersion": 356,
  "tableCounts": [
    [
      "constants",
      213
    ],
    [
      "enum-blocks",
      178
    ],
    [
      "enum-values",
      1769
    ],
    [
      "bitmasks",
      118
    ],
    [
      "handles",
      40
    ],
    [
      "structs",
      576
    ],
    [
      "funcpointers",
      7
    ],
    [
      "basetypes",
      7
    ],
    [
      "defines",
      16
    ],
    [
      "externals",
      27
    ],
    [
      "commands",
      384
    ],
    [
      "features",
      5
    ],
    [
      "extensions",
      95
    ],
    [
      "formats",
      240
    ],
    [
      "spirv-extensions",
      35
    ],
    [
      "spirv-capabilities",
      108
    ]
  ],
  "tableDigests": [
    [
      "constants",
      "rhv3:8bd9e9e3203fbbfe"
    ],
    [
      "enums",
      "rhv3:5e510d65420acf95"
    ],
    [
      "bitmasks",
      "rhv3:adc6722b7b5c2101"
    ],
    [
      "handles",
      "rhv3:8c1c1188d70a45ae"
    ],
    [
      "structs",
      "rhv3:74987d0652c2e33a"
    ],
    [
      "funcpointers",
      "rhv3:ffeed4c367b100c8"
    ],
    [
      "basetypes",
      "rhv3:aa3e6522db782a66"
    ],
    [
      "defines",
      "rhv3:0c96618746c9e0cb"
    ],
    [
      "externals",
      "rhv3:7b8eb1add3700056"
    ],
    [
      "commands",
      "rhv3:16a893a6e274169f"
    ],
    [
      "features",
      "rhv3:8eb530699a34922a"
    ],
    [
      "extensions",
      "rhv3:a3c699917e237781"
    ]
  ]
}
