{
  "dispatchLevels": [
    [
      "global",
      4
    ],
    [
      "instance",
      109
    ],
    [
      "device",
      639
    ]
  ],
  "enumFlows": [
    [
      "in",
      204
    ],
    [
      "out",
      53
    ],
    [
      "both",
      75
    ],
    [
      "unreferenced",
      22
    ]
  ],
  "headerVersion": 356,
  "tableCounts": [
    [
      "constants",
      981
    ],
    [
      "enum-blocks",
      354
    ],
    [
      "enum-values",
      3848
    ],
    [
      "bitmasks",
      237
    ],
    [
      "handles",
      60
    ],
    [
      "structs",
      1485
    ],
    [
      "funcpointers",
      11
    ],
    [
      "basetypes",
      19
    ],
    [
      "defines",
      23
    ],
    [
      "externals",
      77
    ],
    [
      "commands",
      752
    ],
    [
      "features",
      5
    ],
    [
      "extensions",
      471
    ],
    [
      "formats",
      297
    ],
    [
      "spirv-extensions",
      113
    ],
    [
      "spirv-capabilities",
      201
    ]
  ],
  "tableDigests": [
    [
      "constants",
      "rhv3:d5d2c27ec42c5d1c"
    ],
    [
      "enums",
      "rhv3:3749d3d02f78c068"
    ],
    [
      "bitmasks",
      "rhv3:f8d20cc55fa56144"
    ],
    [
      "handles",
      "rhv3:e1e781be08986f8c"
    ],
    [
      "structs",
      "rhv3:e80f8db357660bd8"
    ],
    [
      "funcpointers",
      "rhv3:b77337febc545afd"
    ],
    [
      "basetypes",
      "rhv3:83afc111616128f2"
    ],
    [
      "defines",
      "rhv3:71df644192e13bcb"
    ],
    [
      "externals",
      "rhv3:d4d59af15828e96e"
    ],
    [
      "commands",
      "rhv3:e1308527834169fc"
    ],
    [
      "features",
      "rhv3:8eb530699a34922a"
    ],
    [
      "extensions",
      "rhv3:607b5b6f520c18f9"
    ]
  ]
}
